(0, 0, 0)
28716325
7421636
9980404
38464544
1854392
(7616, 1666188, -1232986)
(-508, 4119, 3390)
(562, 1584, 2144)
(-920, 768, -524)
(612, -469, -630)