vector x: ( 9, 8, 7, 6, 5, 4, 3, 2, 1, 0 )
excited!
vector y: ( 9, 8, 7, 817, 5, 4, 3, 2, 1, 0 )
x + y: ( 18, 16, 14, 823, 10, 8, 6, 4, 2, 0 )
x * y: 0
(1 << 3) * y: ( 72, 64, 56, 6536, 40, 32, 24, 16, 8, 0 )