ABC64A57029F21F165A96BDB59F0351C7C7D1769
5B38674EB4BD02CEC1D41C8DE3CC14A9872A2656
082178164865B8E6425C5955DEB97DDC21DEC6DC
E77812CE4574964BC144E3DB97953235B5A149DA
BD1B591F0B3E8FCC2035F9FB2043FAB18E0DBDDA
04E8696E6424C21D717E46008780505D598EB59A
ACM
2017
233
666